<html>
<body>
<pre>
<h1>µVision Build Log</h1>
<h2>Tool Versions:</h2>
IDE-Version: £gVision V5.41.0.0
Copyright (C) 2024 ARM Ltd and ARM Germany GmbH. All rights reserved.
License Information: admin admin admin Flex license: MDK Professional 5.41 (Flex): 4 user(s) (mdk_pro) Support: May 2026
 
Tool Versions:
Toolchain:       MDK Professional 5.41 (Flex): 4 user(s)  Version: 5.41.0.0
Toolchain Path:  C:\Keil_v5\ARM\ARMCLANG\Bin
C Compiler:      ArmClang.exe V6.22
Assembler:       Armasm.exe V6.22
Linker/Locator:  ArmLink.exe V6.22
Library Manager: ArmAr.exe V6.22
Hex Converter:   FromElf.exe V6.22
CPU DLL:         SARMCM3.DLL V5.41.0.0
Dialog DLL:      DARMCM1.DLL V1.19.6.0
Target DLL:      Nu_Link.dll V3.20
Dialog DLL:      TARMCM1.DLL V1.14.6.0
 
<h2>Project:</h2>
D:\SourceCode\_Avery_M031\M031BSP_RingBuffer_TimerEvent\SampleCode\Template\Keil\Template.uvprojx
Project File Date:  11/25/2025

<h2>Output:</h2>
*** Using Compiler 'V6.22', folder: 'C:\Keil_v5\ARM\ARMCLANG\Bin'
Rebuild target 'Template'
creating preprocessor file for retarget.c...
creating list file for system_M031Series.c...
creating preprocessor file for system_M031Series.c...
assembling startup_M031Series.s...
compiling system_M031Series.c...
creating list file for retarget.c...
compiling retarget.c...
creating preprocessor file for uart.c...
creating list file for uart.c...
creating list file for clk.c...
creating preprocessor file for clk.c...
compiling uart.c...
creating list file for gpio.c...
compiling clk.c...
creating preprocessor file for gpio.c...
creating preprocessor file for timer.c...
compiling gpio.c...
creating list file for sys.c...
creating list file for timer.c...
compiling timer.c...
creating preprocessor file for sys.c...
compiling sys.c...
creating preprocessor file for main.c...
creating preprocessor file for misc_config.c...
compiling main.c...
creating list file for main.c...
creating list file for misc_config.c...
compiling misc_config.c...
creating preprocessor file for timer_service.c...
creating list file for timer_service.c...
creating preprocessor file for cpu_load_monitor.c...
creating list file for cpu_load_monitor.c...
compiling timer_service.c...
compiling cpu_load_monitor.c...
linking...
Program Size: Code=4568 RO-data=1000 RW-data=48 ZI-data=2488  
FromELF: creating hex file...
After Build - User command #1: fromelf --bin ".\obj\template.axf" --output ".\obj\template.bin"
After Build - User command #2: fromelf --text -c ".\obj\template.axf" --output ".\obj\template.txt"
".\obj\template.axf" - 0 Error(s), 0 Warning(s).

<h2>Software Packages used:</h2>

Package Vendor: Nuvoton
                https://github.com/OpenNuvoton/cmsis-packs/raw/master/Nuvoton_DFP/Nuvoton.NuMicroM0_DFP.1.0.0.pack
                Nuvoton::NuMicroM0_DFP@1.0.0
                Nuvoton ARM Cortex-M0 NuMicro Family Device Support

<h2>Collection of Component include folders:</h2>
  C:/Users/averyc/AppData/Local/Arm/Packs/Nuvoton/NuMicroM0_DFP/1.0.0/Device/M031/Include

<h2>Collection of Component Files used:</h2>
Build Time Elapsed:  00:00:05
</pre>
</body>
</html>
